------------------------------------------------------------
Timing Analyzer Summary
------------------------------------------------------------

Type  : Slow 1100mV 85C Model Setup 'control[1]'
Slack : -2.446
TNS   : -2.446

Type  : Slow 1100mV 85C Model Hold 'control[1]'
Slack : 0.800
TNS   : 0.000

Type  : Slow 1100mV 85C Model Minimum Pulse Width 'control[1]'
Slack : 0.336
TNS   : 0.000

Type  : Slow 1100mV 0C Model Setup 'control[1]'
Slack : -2.480
TNS   : -2.480

Type  : Slow 1100mV 0C Model Hold 'control[1]'
Slack : 0.858
TNS   : 0.000

Type  : Slow 1100mV 0C Model Minimum Pulse Width 'control[1]'
Slack : 0.374
TNS   : 0.000

Type  : Fast 1100mV 85C Model Setup 'control[1]'
Slack : -1.402
TNS   : -1.402

Type  : Fast 1100mV 85C Model Hold 'control[1]'
Slack : 0.377
TNS   : 0.000

Type  : Fast 1100mV 85C Model Minimum Pulse Width 'control[1]'
Slack : 0.105
TNS   : 0.000

Type  : Fast 1100mV 0C Model Setup 'control[1]'
Slack : -1.338
TNS   : -1.338

Type  : Fast 1100mV 0C Model Hold 'control[1]'
Slack : 0.363
TNS   : 0.000

Type  : Fast 1100mV 0C Model Minimum Pulse Width 'control[1]'
Slack : 0.089
TNS   : 0.000

------------------------------------------------------------
