------------------------------------------------------------
Timing Analyzer Summary
------------------------------------------------------------

Type  : Slow 1100mV 85C Model Setup 'clk'
Slack : -7.288
TNS   : -201.504

Type  : Slow 1100mV 85C Model Setup 'ClockDivider:clock_divider|counter[0]'
Slack : -4.701
TNS   : -151.232

Type  : Slow 1100mV 85C Model Setup 'VGAController:VGA|Counter:h_counter|Q[5]'
Slack : -1.893
TNS   : -16.910

Type  : Slow 1100mV 85C Model Hold 'clk'
Slack : 0.282
TNS   : 0.000

Type  : Slow 1100mV 85C Model Hold 'ClockDivider:clock_divider|counter[0]'
Slack : 0.362
TNS   : 0.000

Type  : Slow 1100mV 85C Model Hold 'VGAController:VGA|Counter:h_counter|Q[5]'
Slack : 0.730
TNS   : 0.000

Type  : Slow 1100mV 85C Model Recovery 'ClockDivider:clock_divider|counter[0]'
Slack : -2.725
TNS   : -27.170

Type  : Slow 1100mV 85C Model Recovery 'VGAController:VGA|Counter:h_counter|Q[5]'
Slack : -1.990
TNS   : -19.875

Type  : Slow 1100mV 85C Model Removal 'ClockDivider:clock_divider|counter[0]'
Slack : 0.888
TNS   : 0.000

Type  : Slow 1100mV 85C Model Removal 'VGAController:VGA|Counter:h_counter|Q[5]'
Slack : 1.376
TNS   : 0.000

Type  : Slow 1100mV 85C Model Minimum Pulse Width 'ClockDivider:clock_divider|counter[0]'
Slack : -2.174
TNS   : -122.733

Type  : Slow 1100mV 85C Model Minimum Pulse Width 'clk'
Slack : -0.394
TNS   : -14.573

Type  : Slow 1100mV 85C Model Minimum Pulse Width 'VGAController:VGA|Counter:h_counter|Q[5]'
Slack : -0.394
TNS   : -5.300

Type  : Slow 1100mV 0C Model Setup 'clk'
Slack : -7.057
TNS   : -195.156

Type  : Slow 1100mV 0C Model Setup 'ClockDivider:clock_divider|counter[0]'
Slack : -4.591
TNS   : -149.567

Type  : Slow 1100mV 0C Model Setup 'VGAController:VGA|Counter:h_counter|Q[5]'
Slack : -1.980
TNS   : -17.547

Type  : Slow 1100mV 0C Model Hold 'clk'
Slack : -0.037
TNS   : -0.037

Type  : Slow 1100mV 0C Model Hold 'ClockDivider:clock_divider|counter[0]'
Slack : 0.329
TNS   : 0.000

Type  : Slow 1100mV 0C Model Hold 'VGAController:VGA|Counter:h_counter|Q[5]'
Slack : 0.725
TNS   : 0.000

Type  : Slow 1100mV 0C Model Recovery 'ClockDivider:clock_divider|counter[0]'
Slack : -2.717
TNS   : -27.087

Type  : Slow 1100mV 0C Model Recovery 'VGAController:VGA|Counter:h_counter|Q[5]'
Slack : -1.955
TNS   : -19.524

Type  : Slow 1100mV 0C Model Removal 'ClockDivider:clock_divider|counter[0]'
Slack : 0.905
TNS   : 0.000

Type  : Slow 1100mV 0C Model Removal 'VGAController:VGA|Counter:h_counter|Q[5]'
Slack : 1.287
TNS   : 0.000

Type  : Slow 1100mV 0C Model Minimum Pulse Width 'ClockDivider:clock_divider|counter[0]'
Slack : -2.174
TNS   : -122.626

Type  : Slow 1100mV 0C Model Minimum Pulse Width 'clk'
Slack : -0.394
TNS   : -16.113

Type  : Slow 1100mV 0C Model Minimum Pulse Width 'VGAController:VGA|Counter:h_counter|Q[5]'
Slack : -0.394
TNS   : -5.200

Type  : Fast 1100mV 85C Model Setup 'clk'
Slack : -4.380
TNS   : -120.763

Type  : Fast 1100mV 85C Model Setup 'ClockDivider:clock_divider|counter[0]'
Slack : -2.429
TNS   : -72.910

Type  : Fast 1100mV 85C Model Setup 'VGAController:VGA|Counter:h_counter|Q[5]'
Slack : -0.767
TNS   : -6.398

Type  : Fast 1100mV 85C Model Hold 'ClockDivider:clock_divider|counter[0]'
Slack : 0.159
TNS   : 0.000

Type  : Fast 1100mV 85C Model Hold 'clk'
Slack : 0.200
TNS   : 0.000

Type  : Fast 1100mV 85C Model Hold 'VGAController:VGA|Counter:h_counter|Q[5]'
Slack : 0.369
TNS   : 0.000

Type  : Fast 1100mV 85C Model Recovery 'ClockDivider:clock_divider|counter[0]'
Slack : -1.361
TNS   : -13.575

Type  : Fast 1100mV 85C Model Recovery 'VGAController:VGA|Counter:h_counter|Q[5]'
Slack : -0.782
TNS   : -7.801

Type  : Fast 1100mV 85C Model Removal 'ClockDivider:clock_divider|counter[0]'
Slack : 0.478
TNS   : 0.000

Type  : Fast 1100mV 85C Model Removal 'VGAController:VGA|Counter:h_counter|Q[5]'
Slack : 0.675
TNS   : 0.000

Type  : Fast 1100mV 85C Model Minimum Pulse Width 'ClockDivider:clock_divider|counter[0]'
Slack : -2.174
TNS   : -117.840

Type  : Fast 1100mV 85C Model Minimum Pulse Width 'clk'
Slack : -0.084
TNS   : -2.320

Type  : Fast 1100mV 85C Model Minimum Pulse Width 'VGAController:VGA|Counter:h_counter|Q[5]'
Slack : 0.050
TNS   : 0.000

Type  : Fast 1100mV 0C Model Setup 'clk'
Slack : -3.780
TNS   : -104.218

Type  : Fast 1100mV 0C Model Setup 'ClockDivider:clock_divider|counter[0]'
Slack : -2.124
TNS   : -63.221

Type  : Fast 1100mV 0C Model Setup 'VGAController:VGA|Counter:h_counter|Q[5]'
Slack : -0.711
TNS   : -5.921

Type  : Fast 1100mV 0C Model Hold 'ClockDivider:clock_divider|counter[0]'
Slack : 0.119
TNS   : 0.000

Type  : Fast 1100mV 0C Model Hold 'clk'
Slack : 0.143
TNS   : 0.000

Type  : Fast 1100mV 0C Model Hold 'VGAController:VGA|Counter:h_counter|Q[5]'
Slack : 0.337
TNS   : 0.000

Type  : Fast 1100mV 0C Model Recovery 'ClockDivider:clock_divider|counter[0]'
Slack : -1.163
TNS   : -11.595

Type  : Fast 1100mV 0C Model Recovery 'VGAController:VGA|Counter:h_counter|Q[5]'
Slack : -0.694
TNS   : -6.933

Type  : Fast 1100mV 0C Model Removal 'ClockDivider:clock_divider|counter[0]'
Slack : 0.406
TNS   : 0.000

Type  : Fast 1100mV 0C Model Removal 'VGAController:VGA|Counter:h_counter|Q[5]'
Slack : 0.593
TNS   : 0.000

Type  : Fast 1100mV 0C Model Minimum Pulse Width 'ClockDivider:clock_divider|counter[0]'
Slack : -2.174
TNS   : -117.518

Type  : Fast 1100mV 0C Model Minimum Pulse Width 'clk'
Slack : -0.087
TNS   : -2.402

Type  : Fast 1100mV 0C Model Minimum Pulse Width 'VGAController:VGA|Counter:h_counter|Q[5]'
Slack : 0.081
TNS   : 0.000

------------------------------------------------------------
